reset
create sphere radius 2 xpositive ypositive zpositive
volume 1  reflect Y
create Cylinder height 3 radius .25
rotate volume 2  about X angle 90
intersect volume 1 2  keep
delete volume 2
subtract volume 3  from volume 1  keep
delete volume 1
create frustum height 1 radius 1
create frustum height 1 radius .5 top 0
delete volume 5
rotate volume 6  about X angle 90
rotate volume 6  about X angle 180
volume 6  move y -1.5
subtract volume 6  from volume 4  keep
delete volume 6
intersect volume 4 7 keep
delete volume 7
subtract volume 8  from volume 4  keep
delete volume 4
brick x 1 y .5 z 1
volume 10  move x .5 y -2.25 z .5
undo group begin
imprint volume all
merge volume all
undo group end
curve 13  interval default
curve 13  interval 8
curve 13  scheme bias factor 1.0
curve 11  interval default
curve 11  interval 9
curve 11  scheme bias factor 0.8
curve 14  interval default
curve 14  interval 9
curve 14  scheme bias factor 0.8
surface 9  scheme Auto
mesh surface 9
curve 10 12 16  interval default
curve 10 12 16  interval 3
curve 10 12 16  scheme bias factor 1.00
curve 9  interval default
curve 9  interval 9
curve 9  scheme bias factor 1.2
curve 15  interval default
curve 15  interval 9
curve 15  scheme bias factor 0.8
surface 9  scheme Auto
mesh surface 9
volume 3  scheme Auto
mesh volume 3
curve 49 47  interval default
curve 49 47  interval 3
curve 49 47  scheme bias factor 1.00
curve 62  interval default
curve 62  interval 9
curve 62  scheme bias factor 0.8
curve 63  interval default
curve 63  interval 9
curve 63  scheme bias factor 1.2
volume 9  scheme Auto
mesh volume 9
volume 8  scheme Auto
mesh volume 8
curve 68 67 70 69 78 74 77 75 73 72 71 76  interval default
curve 68 67 70 69 78 74 77 75 73 72 71 76  interval 1
curve 68 67 70 69 78 74 77 75 73 72 71 76  scheme bias factor 1.0
volume 10  scheme Auto
mesh volume 10
Sideset 1 surface 34 8 38
Sideset 2 surface 9 33
Sideset 3 surface 40 10 31
Sideset 1000 surface 45
Sideset 100 surface 37
block 1 volume 3 8 9
block 1000 volume 10
undo group begin
set large exodus file off
export Genesis  "/Users/halejd/gitProjects/code_trunk/elk_test/tests/hertz_contact/hertz_contact.e"  overwrite
undo group end
block all element type hex20
undo group begin
set large exodus file off
export Genesis  "/Users/halejd/gitProjects/code_trunk/elk_test/tests/hertz_contact/hertz_contact_hex20.e"  overwrite
undo group end
delete Sideset 1
delete Sideset 2
delete Sideset 3
delete Sideset 100
delete Sideset 1000
Sideset 1 curve 12 65 73
Sideset 2 curve 14 51
Sideset 100 curve 63
Sideset 1000 curve 74
delete block 1
delete block 1000
block 1 surface 10 40 31
block 1000 surface 42
block all element type quad4
undo group begin
set large exodus file off
export Genesis  "/Users/halejd/gitProjects/code_trunk/elk_test/tests/hertz_contact/hertz_contact_rz.e"  overwrite
undo group end
block all element type quad8
undo group begin
set large exodus file off
export Genesis  "/Users/halejd/gitProjects/code_trunk/elk_test/tests/hertz_contact/hertz_contact_rz_quad8.e"  overwrite
undo group end
