reset

create surface rectangle width 0.4 height 1
surface 1 move 0.2 0.5 0
surface 1 size auto factor 8
mesh surface 1

create surface rectangle width 0.4 height 1
surface 2 move 0.8 0.5 0
surface 2  size auto factor 7
mesh surface 2

block 1 surface 1
block 1 element type QUAD4
block 2 surface 2
block 2 element type QUAD4

sideset 1 curve 3 7
sideset 1 name 'bottom'
sideset 2 curve 8
sideset 2 name 'right'
sideset 3 curve 1 5
sideset 3 name 'top'
sideset 4 curve 2
sideset 4 name 'left'

sideset 100 curve 4
sideset 101 curve 6

# mortar
create vertex 0.5 0
create vertex 0.5 1
create curve vertex 9 10
create node location 0.5 0 0 owner curve 9
create node location 0.5 0.142857 0 owner curve 9
create node location 0.5 0.200000 0 owner curve 9
create node location 0.5 0.285714 0 owner curve 9
create node location 0.5 0.400000 0 owner curve 9
create node location 0.5 0.428571 0 owner curve 9
create node location 0.5 0.571429 0 owner curve 9
create node location 0.5 0.600000 0 owner curve 9
create node location 0.5 0.714286 0 owner curve 9
create node location 0.5 0.800000 0 owner curve 9
create node location 0.5 0.857143 0 owner curve 9
create node location 0.5 1.000000 0 owner curve 9

create edge node 51 52 owner curve 9
create edge node 52 53 owner curve 9
create edge node 53 54 owner curve 9
create edge node 54 55 owner curve 9
create edge node 55 56 owner curve 9
create edge node 56 57 owner curve 9
create edge node 57 58 owner curve 9
create edge node 58 59 owner curve 9
create edge node 59 60 owner curve 9
create edge node 60 61 owner curve 9
create edge node 61 62 owner curve 9

block 1000 curve 9
block 1000 element type BAR2

export mesh "2blk-gap.e" dimension 2 overwrite
